
         /\      Grafana   /‾‾/  
    /\  /  \     |\  __   /  /   
   /  \/    \    | |/ /  /   ‾‾\ 
  /          \   |   (  |  (‾)  |
 / __________ \  |_|\_\  \_____/ 


     execution: local
        script: 03-pico.js
        output: -

     scenarios: (100.00%) 1 scenario, 60 max VUs, 1m20s max duration (incl. graceful stop):
              * pico: Up to 60 looping VUs for 50s over 3 stages (gracefulRampDown: 30s, gracefulStop: 30s)


running (0m01.0s), 06/60 VUs, 1 complete and 0 interrupted iterations
pico   [   2% ] 06/60 VUs  01.0s/50.0s

running (0m02.0s), 12/60 VUs, 8 complete and 0 interrupted iterations
pico   [   4% ] 12/60 VUs  02.0s/50.0s

running (0m03.0s), 18/60 VUs, 17 complete and 0 interrupted iterations
pico   [   6% ] 18/60 VUs  03.0s/50.0s

running (0m04.0s), 24/60 VUs, 31 complete and 0 interrupted iterations
pico   [   8% ] 24/60 VUs  04.0s/50.0s

running (0m05.0s), 30/60 VUs, 48 complete and 0 interrupted iterations
pico   [  10% ] 30/60 VUs  05.0s/50.0s

running (0m06.0s), 36/60 VUs, 63 complete and 0 interrupted iterations
pico   [  12% ] 36/60 VUs  06.0s/50.0s

running (0m07.0s), 42/60 VUs, 95 complete and 0 interrupted iterations
pico   [  14% ] 42/60 VUs  07.0s/50.0s

running (0m08.0s), 48/60 VUs, 132 complete and 0 interrupted iterations
pico   [  16% ] 48/60 VUs  08.0s/50.0s

running (0m09.0s), 54/60 VUs, 172 complete and 0 interrupted iterations
pico   [  18% ] 54/60 VUs  09.0s/50.0s

running (0m10.0s), 59/60 VUs, 215 complete and 0 interrupted iterations
pico   [  20% ] 59/60 VUs  10.0s/50.0s

running (0m11.0s), 60/60 VUs, 249 complete and 0 interrupted iterations
pico   [  22% ] 60/60 VUs  11.0s/50.0s

running (0m12.0s), 60/60 VUs, 266 complete and 0 interrupted iterations
pico   [  24% ] 60/60 VUs  12.0s/50.0s

running (0m13.0s), 60/60 VUs, 320 complete and 0 interrupted iterations
pico   [  26% ] 60/60 VUs  13.0s/50.0s

running (0m14.0s), 60/60 VUs, 355 complete and 0 interrupted iterations
pico   [  28% ] 60/60 VUs  14.0s/50.0s

running (0m15.0s), 60/60 VUs, 389 complete and 0 interrupted iterations
pico   [  30% ] 60/60 VUs  15.0s/50.0s

running (0m16.0s), 60/60 VUs, 433 complete and 0 interrupted iterations
pico   [  32% ] 60/60 VUs  16.0s/50.0s

running (0m17.0s), 60/60 VUs, 462 complete and 0 interrupted iterations
pico   [  34% ] 60/60 VUs  17.0s/50.0s

running (0m18.0s), 60/60 VUs, 519 complete and 0 interrupted iterations
pico   [  36% ] 60/60 VUs  18.0s/50.0s

running (0m19.0s), 60/60 VUs, 561 complete and 0 interrupted iterations
pico   [  38% ] 60/60 VUs  19.0s/50.0s

running (0m20.0s), 60/60 VUs, 602 complete and 0 interrupted iterations
pico   [  40% ] 60/60 VUs  20.0s/50.0s

running (0m21.0s), 60/60 VUs, 632 complete and 0 interrupted iterations
pico   [  42% ] 60/60 VUs  21.0s/50.0s

running (0m22.0s), 60/60 VUs, 648 complete and 0 interrupted iterations
pico   [  44% ] 60/60 VUs  22.0s/50.0s

running (0m23.0s), 60/60 VUs, 684 complete and 0 interrupted iterations
pico   [  46% ] 60/60 VUs  23.0s/50.0s

running (0m24.0s), 60/60 VUs, 734 complete and 0 interrupted iterations
pico   [  48% ] 60/60 VUs  24.0s/50.0s

running (0m25.0s), 60/60 VUs, 781 complete and 0 interrupted iterations
pico   [  50% ] 60/60 VUs  25.0s/50.0s

running (0m26.0s), 60/60 VUs, 823 complete and 0 interrupted iterations
pico   [  52% ] 60/60 VUs  26.0s/50.0s

running (0m27.0s), 60/60 VUs, 849 complete and 0 interrupted iterations
pico   [  54% ] 60/60 VUs  27.0s/50.0s

running (0m28.0s), 60/60 VUs, 900 complete and 0 interrupted iterations
pico   [  56% ] 60/60 VUs  28.0s/50.0s

running (0m29.0s), 60/60 VUs, 942 complete and 0 interrupted iterations
pico   [  58% ] 60/60 VUs  29.0s/50.0s

running (0m30.0s), 60/60 VUs, 989 complete and 0 interrupted iterations
pico   [  60% ] 60/60 VUs  30.0s/50.0s

running (0m31.0s), 60/60 VUs, 1035 complete and 0 interrupted iterations
pico   [  62% ] 60/60 VUs  31.0s/50.0s

running (0m32.0s), 60/60 VUs, 1066 complete and 0 interrupted iterations
pico   [  64% ] 60/60 VUs  32.0s/50.0s

running (0m33.0s), 60/60 VUs, 1106 complete and 0 interrupted iterations
pico   [  66% ] 60/60 VUs  33.0s/50.0s

running (0m34.0s), 60/60 VUs, 1143 complete and 0 interrupted iterations
pico   [  68% ] 60/60 VUs  34.0s/50.0s

running (0m35.0s), 60/60 VUs, 1193 complete and 0 interrupted iterations
pico   [  70% ] 60/60 VUs  35.0s/50.0s

running (0m36.0s), 60/60 VUs, 1225 complete and 0 interrupted iterations
pico   [  72% ] 60/60 VUs  36.0s/50.0s

running (0m37.0s), 60/60 VUs, 1247 complete and 0 interrupted iterations
pico   [  74% ] 60/60 VUs  37.0s/50.0s

running (0m38.0s), 60/60 VUs, 1297 complete and 0 interrupted iterations
pico   [  76% ] 60/60 VUs  38.0s/50.0s

running (0m39.0s), 60/60 VUs, 1340 complete and 0 interrupted iterations
pico   [  78% ] 60/60 VUs  39.0s/50.0s

running (0m40.0s), 60/60 VUs, 1388 complete and 0 interrupted iterations
pico   [  80% ] 60/60 VUs  40.0s/50.0s

running (0m41.0s), 57/60 VUs, 1432 complete and 0 interrupted iterations
pico   [  82% ] 57/60 VUs  41.0s/50.0s

running (0m42.0s), 56/60 VUs, 1451 complete and 0 interrupted iterations
pico   [  84% ] 56/60 VUs  42.0s/50.0s

running (0m43.0s), 48/60 VUs, 1495 complete and 0 interrupted iterations
pico   [  86% ] 48/60 VUs  43.0s/50.0s

running (0m44.0s), 41/60 VUs, 1537 complete and 0 interrupted iterations
pico   [  88% ] 41/60 VUs  44.0s/50.0s

running (0m45.0s), 35/60 VUs, 1572 complete and 0 interrupted iterations
pico   [  90% ] 35/60 VUs  45.0s/50.0s

running (0m46.0s), 30/60 VUs, 1604 complete and 0 interrupted iterations
pico   [  92% ] 30/60 VUs  46.0s/50.0s

running (0m47.0s), 22/60 VUs, 1633 complete and 0 interrupted iterations
pico   [  94% ] 22/60 VUs  47.0s/50.0s

running (0m48.0s), 15/60 VUs, 1652 complete and 0 interrupted iterations
pico   [  96% ] 15/60 VUs  48.0s/50.0s

running (0m49.0s), 11/60 VUs, 1667 complete and 0 interrupted iterations
pico   [  98% ] 11/60 VUs  49.0s/50.0s

running (0m50.0s), 02/60 VUs, 1680 complete and 0 interrupted iterations
pico   [ 100% ] 02/60 VUs  50.0s/50.0s

running (0m51.0s), 01/60 VUs, 1681 complete and 0 interrupted iterations
pico ↓ [ 100% ] 02/60 VUs  50s


  █ THRESHOLDS 

    http_req_duration
    ✓ 'p(95)<4000' p(95)=1.15s

    http_req_failed
    ✓ 'rate<0.02' rate=0.00%


  █ TOTAL RESULTS 

    checks_total.......: 1682    32.812626/s
    checks_succeeded...: 100.00% 1682 out of 1682
    checks_failed......: 0.00%   0 out of 1682

    ✓ 200

    HTTP
    http_req_duration..............: avg=473.29ms min=51.25ms  med=345.21ms max=2.15s p(90)=1.01s p(95)=1.15s
      { expected_response:true }...: avg=473.29ms min=51.25ms  med=345.21ms max=2.15s p(90)=1.01s p(95)=1.15s
    http_req_failed................: 0.00%  0 out of 1682
    http_reqs......................: 1682   32.812626/s

    EXECUTION
    iteration_duration.............: avg=1.45s    min=571.04ms med=1.42s    max=3.43s p(90)=2.13s p(95)=2.3s 
    iterations.....................: 1682   32.812626/s
    vus............................: 1      min=1         max=60
    vus_max........................: 60     min=60        max=60

    NETWORK
    data_received..................: 238 MB 4.7 MB/s
    data_sent......................: 125 kB 2.4 kB/s




running (0m51.3s), 00/60 VUs, 1682 complete and 0 interrupted iterations
pico ✓ [ 100% ] 00/60 VUs  50s
