
         /\      Grafana   /‾‾/  
    /\  /  \     |\  __   /  /   
   /  \/    \    | |/ /  /   ‾‾\ 
  /          \   |   (  |  (‾)  |
 / __________ \  |_|\_\  \_____/ 


     execution: local
        script: 04-limites.js
        output: -

     scenarios: (100.00%) 1 scenario, 1 max VUs, 10m30s max duration (incl. graceful stop):
              * default: 1 iterations shared among 1 VUs (maxDuration: 10m0s, gracefulStop: 30s)


running (00m01.0s), 1/1 VUs, 0 complete and 0 interrupted iterations
default   [   0% ] 1 VUs  00m01.0s/10m0s  0/1 shared iters

running (00m02.0s), 1/1 VUs, 0 complete and 0 interrupted iterations
default   [   0% ] 1 VUs  00m02.0s/10m0s  0/1 shared iters
time="2026-09-16T22:56:37-04:00" level=info msg="api/buscar: primer 429 en el pedido 61 (límite 60/min)" source=console

running (00m03.0s), 1/1 VUs, 0 complete and 0 interrupted iterations
default   [   0% ] 1 VUs  00m03.0s/10m0s  0/1 shared iters

running (00m04.0s), 1/1 VUs, 0 complete and 0 interrupted iterations
default   [   0% ] 1 VUs  00m04.0s/10m0s  0/1 shared iters
time="2026-09-16T22:56:39-04:00" level=info msg="api/v1/products: primer 429 en el pedido 61 (límite 120/min)" source=console
time="2026-09-16T22:56:40-04:00" level=info msg="newsletter (trampa): primer 429 en el pedido 1 (límite 5/min)" source=console
time="2026-09-16T22:56:40-04:00" level=info msg="api/automation sin token: primer 429 en el pedido 1 (límite 30/min)" source=console


  █ THRESHOLDS 

    checks
    ✗ 'rate==1' rate=25.00%


  █ TOTAL RESULTS 

    checks_total.......: 4      0.808058/s
    checks_succeeded...: 25.00% 1 out of 4
    checks_failed......: 75.00% 3 out of 4

    ✓ api/buscar limita (429 después de 60)
    ✗ api/v1/products limita (429 después de 120)
      ↳  0% — ✓ 0 / ✗ 1
    ✗ newsletter (trampa) limita (429 después de 5)
      ↳  0% — ✓ 0 / ✗ 1
    ✗ api/automation sin token limita (429 después de 30)
      ↳  0% — ✓ 0 / ✗ 1

    HTTP
    http_req_duration..............: avg=21.32ms min=10.98ms med=17.3ms  max=146.39ms p(90)=34.67ms p(95)=40.14ms
      { expected_response:true }...: avg=29.15ms min=16.85ms med=30.06ms max=146.39ms p(90)=39.93ms p(95)=49.79ms
    http_req_failed................: 47.39% 109 out of 230
    http_reqs......................: 230    46.463361/s

    EXECUTION
    iteration_duration.............: avg=4.94s   min=4.94s   med=4.94s   max=4.94s    p(90)=4.94s   p(95)=4.94s  
    iterations.....................: 1      0.202015/s
    vus............................: 1      min=1          max=1
    vus_max........................: 1      min=1          max=1

    NETWORK
    data_received..................: 864 kB 175 kB/s
    data_sent......................: 196 kB 40 kB/s




running (00m05.0s), 0/1 VUs, 1 complete and 0 interrupted iterations
default ✓ [ 100% ] 1 VUs  00m04.9s/10m0s  1/1 shared iters
time="2026-09-16T22:56:40-04:00" level=error msg="thresholds on metrics 'checks' have been crossed"
